TEST 0
	T
TEST 1
	F
TEST 2
	F
TEST 3
	F
TEST 4
	T
TEST 5
	T
TEST 6
	T
TEST 7
	F
TEST 8
	F
TEST 9
	T
