TEST 1
	42
TEST 2
	43
TEST 3
	1
TEST 4
	2
TEST 5
	1
TEST 6
	2
TEST 7
	1
TEST 8
	2
