TEST 1
	S
TEST 2
	S
TEST 3
	S
TEST 4
	S
TEST 5
	S
TEST 5
	S
TEST 6
	S
TEST 7
	S
TEST 8
	S
TEST 9
	S
TEST 10
	S
TEST 11
	S
TEST 12
	S
TEST 13
	S
TEST 14
	S
TEST 15
	S

